2025-07-19 21:49:01,795 - INFO - Logging initialised, log file: ./logs\training_log_20250719_214901.log
2025-07-19 21:49:01,795 - INFO - Loading datasets...
2025-07-19 21:49:01,805 - INFO - Datasets successfully loaded.
2025-07-19 21:49:01,805 - INFO - Training will be initialised for 6 configurations.
2025-07-19 21:49:01,805 - INFO - Systematic model training startet at 2025-07-19 21:49:01
2025-07-19 21:49:01,805 - INFO - Model training workflow initiated for resnet50 family... at 2025-07-19 21:49:01
2025-07-19 21:49:01,805 - DEBUG - Training and validation datasets passed to the model.
2025-07-19 21:49:01,806 - DEBUG - Training loader initialised.
2025-07-19 21:49:01,806 - DEBUG - Validation loader initialised.
2025-07-19 21:49:01,806 - INFO - Training progress 1/6
2025-07-19 21:49:01,806 - INFO - Training parameters: LR:0.001 Optimizer:adam Depth:classifier_only
2025-07-19 21:49:01,806 - DEBUG - Preparing resnet50 with 2 classes and classifier_only depth.
2025-07-19 21:49:02,046 - DEBUG - ResNet50 model loaded with ImageNet weights
2025-07-19 21:49:02,047 - DEBUG - All parameters frozen...
2025-07-19 21:49:02,047 - DEBUG - Classifier replaced from 2048 to 2 features.
2025-07-19 21:49:02,048 - DEBUG - Classifier layer unfrozen...
2025-07-19 21:49:02,048 - DEBUG - Model resnet50 prepared for training...
2025-07-19 21:49:02,048 - DEBUG - Model initialised - resnet50.
2025-07-19 21:49:02,048 - INFO - Training workflow started...
2025-07-19 21:49:02,048 - DEBUG - Initialising training for resnet50 with LR=0.001, optimizer=adam, depth=classifier_only.
2025-07-19 21:49:02,146 - DEBUG - Optimizer adam initialised with 0.001 learning rate.
2025-07-19 21:49:02,147 - DEBUG - Learning rate scheduler and early stopping initialised.
2025-07-19 21:49:02,147 - DEBUG - Starting training resnet50 on cuda for 3 epochs.
2025-07-19 21:49:02,147 - DEBUG - Epoch progress: 1/3
2025-07-19 21:49:02,147 - DEBUG - Starting model training epoch with 42 batches...
2025-07-19 21:50:19,656 - DEBUG - Model training epoch completed. Loss=0.6980, Accuracy=0.5311
2025-07-19 21:50:19,656 - DEBUG - Starting model validation epoch with 12 batches...
2025-07-19 21:50:54,541 - DEBUG - Validation epoch completed: Loss=0.6578, Accuracy=0.6085, Precision=0.3333, Recall=0.0068, F1=0.0133, Specificity=0.9913, ROC-AUC=0.6010
2025-07-19 21:50:54,542 - DEBUG - New best model saved with F1-score: 0.0133.
2025-07-19 21:50:54,542 - DEBUG - Epoch progress: 2/3
2025-07-19 21:50:54,542 - DEBUG - Starting model training epoch with 42 batches...
2025-07-19 21:52:10,155 - DEBUG - Model training epoch completed. Loss=0.6805, Accuracy=0.5797
2025-07-19 21:52:10,156 - DEBUG - Starting model validation epoch with 12 batches...
2025-07-19 21:52:44,882 - DEBUG - Validation epoch completed: Loss=0.6647, Accuracy=0.6243, Precision=0.5269, Recall=0.3333, F1=0.4083, Specificity=0.8095, ROC-AUC=0.5895
2025-07-19 21:52:44,884 - DEBUG - New best model saved with F1-score: 0.4083.
2025-07-19 21:52:44,884 - DEBUG - Epoch progress: 3/3
2025-07-19 21:52:44,884 - DEBUG - Starting model training epoch with 42 batches...
2025-07-19 21:54:01,667 - DEBUG - Model training epoch completed. Loss=0.6672, Accuracy=0.5926
2025-07-19 21:54:01,668 - DEBUG - Starting model validation epoch with 12 batches...
2025-07-19 21:54:37,077 - DEBUG - Validation epoch completed: Loss=0.6572, Accuracy=0.5847, Precision=0.4265, Recall=0.1973, F1=0.2698, Specificity=0.8312, ROC-AUC=0.6038
2025-07-19 21:54:37,078 - DEBUG - Model training completed, best performing model with F1-score {val_f1:.4f} to be returned....
2025-07-19 21:54:37,078 - INFO - resnet50 training for parameter combination LR: 0.001; Optimizer:adam; Depth:classifier_only finished with F1-score 0.4083333333333333.
2025-07-19 21:54:37,078 - INFO - New best model for resnet50: F1=0.41
2025-07-19 21:54:37,078 - INFO - Training progress 2/6
2025-07-19 21:54:37,079 - INFO - Training parameters: LR:0.001 Optimizer:adam Depth:last_layer
2025-07-19 21:54:37,079 - DEBUG - Preparing resnet50 with 2 classes and last_layer depth.
2025-07-19 21:54:37,402 - DEBUG - ResNet50 model loaded with ImageNet weights
2025-07-19 21:54:37,403 - DEBUG - All parameters frozen...
2025-07-19 21:54:37,404 - DEBUG - Classifier replaced from 2048 to 2 features.
2025-07-19 21:54:37,404 - DEBUG - Classifier layer unfrozen...
2025-07-19 21:54:37,404 - DEBUG - Resnet50 layer4 unfrozen for training...
2025-07-19 21:54:37,404 - DEBUG - Model resnet50 prepared for training...
2025-07-19 21:54:37,405 - DEBUG - Model initialised - resnet50.
2025-07-19 21:54:37,405 - INFO - Training workflow started...
2025-07-19 21:54:37,405 - DEBUG - Initialising training for resnet50 with LR=0.001, optimizer=adam, depth=last_layer.
2025-07-19 21:54:37,427 - DEBUG - Optimizer adam initialised with 0.001 learning rate.
2025-07-19 21:54:37,427 - DEBUG - Learning rate scheduler and early stopping initialised.
2025-07-19 21:54:37,427 - DEBUG - Starting training resnet50 on cuda for 3 epochs.
2025-07-19 21:54:37,427 - DEBUG - Epoch progress: 1/3
2025-07-19 21:54:37,428 - DEBUG - Starting model training epoch with 42 batches...
2025-07-19 21:55:58,654 - DEBUG - Model training epoch completed. Loss=0.6709, Accuracy=0.5766
2025-07-19 21:55:58,656 - DEBUG - Starting model validation epoch with 12 batches...
2025-07-19 21:56:38,306 - DEBUG - Validation epoch completed: Loss=0.6706, Accuracy=0.5106, Precision=0.4252, Recall=0.7347, F1=0.5387, Specificity=0.3680, ROC-AUC=0.6096
2025-07-19 21:56:38,307 - DEBUG - New best model saved with F1-score: 0.5387.
2025-07-19 21:56:38,307 - DEBUG - Epoch progress: 2/3
2025-07-19 21:56:38,308 - DEBUG - Starting model training epoch with 42 batches...
2025-07-19 21:58:00,112 - DEBUG - Model training epoch completed. Loss=0.6262, Accuracy=0.6275
2025-07-19 21:58:00,114 - DEBUG - Starting model validation epoch with 12 batches...
2025-07-19 21:58:39,040 - DEBUG - Validation epoch completed: Loss=0.7215, Accuracy=0.5529, Precision=0.4538, Recall=0.7347, F1=0.5610, Specificity=0.4372, ROC-AUC=0.6306
2025-07-19 21:58:39,042 - DEBUG - New best model saved with F1-score: 0.5610.
2025-07-19 21:58:39,042 - DEBUG - Epoch progress: 3/3
2025-07-19 21:58:39,043 - DEBUG - Starting model training epoch with 42 batches...
2025-07-19 21:59:59,542 - DEBUG - Model training epoch completed. Loss=0.5912, Accuracy=0.6791
2025-07-19 21:59:59,543 - DEBUG - Starting model validation epoch with 12 batches...
2025-07-19 22:00:38,359 - DEBUG - Validation epoch completed: Loss=0.7989, Accuracy=0.6693, Precision=0.7619, Recall=0.2177, F1=0.3386, Specificity=0.9567, ROC-AUC=0.6945
2025-07-19 22:00:38,360 - DEBUG - Model training completed, best performing model with F1-score {val_f1:.4f} to be returned....
2025-07-19 22:00:38,360 - INFO - resnet50 training for parameter combination LR: 0.001; Optimizer:adam; Depth:last_layer finished with F1-score 0.561038961038961.
2025-07-19 22:00:38,360 - INFO - New best model for resnet50: F1=0.56
2025-07-19 22:00:38,557 - INFO - Best model version for resnet50 saved.
2025-07-19 22:00:38,557 - INFO - Best transfer learning parameters: LR=[0.001, 0.001, 0.001], Optimizer=['adam', 'adam', 'adam'], Depth=['last_layer', 'last_layer', 'last_layer'].
2025-07-19 22:00:38,557 - INFO - Model training workflow initiated for densenet121 family... at 2025-07-19 22:00:38
2025-07-19 22:00:38,558 - DEBUG - Training and validation datasets passed to the model.
2025-07-19 22:00:38,559 - DEBUG - Training loader initialised.
2025-07-19 22:00:38,559 - DEBUG - Validation loader initialised.
2025-07-19 22:00:38,559 - INFO - Training progress 3/6
2025-07-19 22:00:38,559 - INFO - Training parameters: LR:0.001 Optimizer:adam Depth:classifier_only
2025-07-19 22:00:38,560 - DEBUG - Preparing densenet121 with 2 classes and classifier_only depth.
2025-07-19 22:00:38,675 - DEBUG - DenseNet121 model loaded with ImageNet weights
2025-07-19 22:00:38,677 - DEBUG - All parameters frozen...
2025-07-19 22:00:38,677 - DEBUG - Classifier replaced from 1024 to 2 features.
2025-07-19 22:00:38,677 - DEBUG - Classifier layer unfrozen...
2025-07-19 22:00:38,677 - DEBUG - Model densenet121 prepared for training...
2025-07-19 22:00:38,678 - DEBUG - Model initialised - densenet121.
2025-07-19 22:00:38,678 - INFO - Training workflow started...
2025-07-19 22:00:38,679 - DEBUG - Initialising training for densenet121 with LR=0.001, optimizer=adam, depth=classifier_only.
2025-07-19 22:00:38,702 - DEBUG - Optimizer adam initialised with 0.001 learning rate.
2025-07-19 22:00:38,702 - DEBUG - Learning rate scheduler and early stopping initialised.
2025-07-19 22:00:38,702 - DEBUG - Starting training densenet121 on cuda for 3 epochs.
2025-07-19 22:00:38,703 - DEBUG - Epoch progress: 1/3
2025-07-19 22:00:38,704 - DEBUG - Starting model training epoch with 42 batches...
2025-07-19 22:01:51,737 - DEBUG - Model training epoch completed. Loss=0.7035, Accuracy=0.5486
2025-07-19 22:01:51,738 - DEBUG - Starting model validation epoch with 12 batches...
