2025-07-19 21:11:49,491 - INFO - Logging initialised, log file: ./logs\training_log_20250719_211149.log
2025-07-19 21:11:49,492 - INFO - Loading datasets...
2025-07-19 21:11:49,501 - INFO - Datasets successfully loaded.
2025-07-19 21:11:49,502 - INFO - Training will be initialised for 6 configurations.
2025-07-19 21:11:49,502 - INFO - Systematic model training startet at 2025-07-19 21:11:49
2025-07-19 21:11:49,502 - INFO - Model training workflow initiated for resnet50 family... at 2025-07-19 21:11:49
2025-07-19 21:11:49,503 - DEBUG - Training and validation datasets passed to the model.
2025-07-19 21:11:49,503 - DEBUG - Training loader initialised.
2025-07-19 21:11:49,503 - DEBUG - Validation loader initialised.
2025-07-19 21:11:49,503 - INFO - Training progress 1/6
2025-07-19 21:11:49,503 - INFO - Training parameters: LR:0.001 Optimizer:adam Depth:classifier_only
2025-07-19 21:11:49,503 - DEBUG - Preparing resnet50 with 2 classes and classifier_only depth.
2025-07-19 21:11:49,770 - DEBUG - ResNet50 model loaded with ImageNet weights
2025-07-19 21:11:49,770 - DEBUG - All parameters frozen...
2025-07-19 21:11:49,770 - DEBUG - Classifier replaced from 2048 to 2 features.
2025-07-19 21:11:49,770 - DEBUG - Classifier layer unfrozen...
2025-07-19 21:11:49,770 - DEBUG - Model resnet50 prepared for training...
2025-07-19 21:11:49,772 - DEBUG - Model initialised - resnet50.
2025-07-19 21:11:49,772 - INFO - Training workflow started...
2025-07-19 21:11:49,772 - DEBUG - Initialising training for resnet50 with LR=0.001, optimizer=adam, depth=classifier_only.
2025-07-19 21:11:49,893 - DEBUG - Optimizer adam initialised with 0.001 learning rate.
2025-07-19 21:11:49,894 - DEBUG - Learning rate scheduler and early stopping initialised.
2025-07-19 21:11:49,894 - DEBUG - Starting training resnet50 on cuda for 3 epochs.
2025-07-19 21:11:49,894 - DEBUG - Epoch progress: 1/3
2025-07-19 21:11:49,896 - DEBUG - Starting model training epoch with 42 batches...
2025-07-19 21:13:06,073 - DEBUG - Model training epoch completed. Loss=0.7016, Accuracy=0.5311
2025-07-19 21:13:06,074 - DEBUG - Starting model validation epoch with 12 batches...
2025-07-19 21:13:44,124 - DEBUG - Validation epoch completed: Loss=0.6686, Accuracy=0.6111, Precision=0.5000, Recall=0.0272, F1=0.0516, Specificity=0.9827, ROC-AUC=0.5353
2025-07-19 21:13:44,128 - DEBUG - New best model saved with F1-score: 0.0516.
2025-07-19 21:13:44,128 - DEBUG - Epoch progress: 2/3
2025-07-19 21:13:44,129 - DEBUG - Starting model training epoch with 42 batches...
2025-07-19 21:14:57,881 - DEBUG - Model training epoch completed. Loss=0.6709, Accuracy=0.5941
2025-07-19 21:14:57,882 - DEBUG - Starting model validation epoch with 12 batches...
2025-07-19 21:15:30,089 - DEBUG - Validation epoch completed: Loss=0.6781, Accuracy=0.5688, Precision=0.4412, Recall=0.4082, F1=0.4240, Specificity=0.6710, ROC-AUC=0.5545
2025-07-19 21:15:30,090 - DEBUG - New best model saved with F1-score: 0.4240.
2025-07-19 21:15:30,090 - DEBUG - Epoch progress: 3/3
2025-07-19 21:15:30,090 - DEBUG - Starting model training epoch with 42 batches...
2025-07-19 21:16:35,854 - DEBUG - Model training epoch completed. Loss=0.6605, Accuracy=0.6024
2025-07-19 21:16:35,854 - DEBUG - Starting model validation epoch with 12 batches...
2025-07-19 21:17:09,318 - DEBUG - Validation epoch completed: Loss=0.7436, Accuracy=0.4524, Precision=0.4062, Recall=0.8844, F1=0.5567, Specificity=0.1775, ROC-AUC=0.5622
2025-07-19 21:17:09,319 - DEBUG - New best model saved with F1-score: 0.5567.
2025-07-19 21:17:09,319 - DEBUG - Model training completed, best performing model with F1-score {val_f1:.4f} to be returned....
2025-07-19 21:17:09,319 - INFO - resnet50 training for parameter combination LR: 0.001; Optimizer:adam; Depth:classifier_only finished with F1-score 0.556745182012848.
2025-07-19 21:17:09,319 - INFO - New best model for resnet50: F1=0.56
2025-07-19 21:17:09,320 - INFO - Training progress 2/6
2025-07-19 21:17:09,320 - INFO - Training parameters: LR:0.001 Optimizer:adam Depth:last_layer
2025-07-19 21:17:09,320 - DEBUG - Preparing resnet50 with 2 classes and last_layer depth.
2025-07-19 21:17:09,605 - DEBUG - ResNet50 model loaded with ImageNet weights
2025-07-19 21:17:09,605 - DEBUG - All parameters frozen...
2025-07-19 21:17:09,605 - DEBUG - Classifier replaced from 2048 to 2 features.
2025-07-19 21:17:09,606 - DEBUG - Classifier layer unfrozen...
2025-07-19 21:17:09,606 - DEBUG - Resnet50 layer4 unfrozen for training...
2025-07-19 21:17:09,606 - DEBUG - Model resnet50 prepared for training...
2025-07-19 21:17:09,606 - DEBUG - Model initialised - resnet50.
2025-07-19 21:17:09,606 - INFO - Training workflow started...
2025-07-19 21:17:09,606 - DEBUG - Initialising training for resnet50 with LR=0.001, optimizer=adam, depth=last_layer.
2025-07-19 21:17:09,630 - DEBUG - Optimizer adam initialised with 0.001 learning rate.
2025-07-19 21:17:09,630 - DEBUG - Learning rate scheduler and early stopping initialised.
2025-07-19 21:17:09,631 - DEBUG - Starting training resnet50 on cuda for 3 epochs.
2025-07-19 21:17:09,631 - DEBUG - Epoch progress: 1/3
2025-07-19 21:17:09,631 - DEBUG - Starting model training epoch with 42 batches...
2025-07-19 21:18:27,815 - DEBUG - Model training epoch completed. Loss=0.6720, Accuracy=0.5804
2025-07-19 21:18:27,816 - DEBUG - Starting model validation epoch with 12 batches...
2025-07-19 21:19:03,643 - DEBUG - Validation epoch completed: Loss=0.6569, Accuracy=0.6111, Precision=0.5000, Recall=0.2653, F1=0.3467, Specificity=0.8312, ROC-AUC=0.6094
2025-07-19 21:19:03,644 - DEBUG - New best model saved with F1-score: 0.3467.
2025-07-19 21:19:03,644 - DEBUG - Epoch progress: 2/3
2025-07-19 21:19:03,645 - DEBUG - Starting model training epoch with 42 batches...
2025-07-19 21:20:20,597 - DEBUG - Model training epoch completed. Loss=0.6095, Accuracy=0.6487
2025-07-19 21:20:20,598 - DEBUG - Starting model validation epoch with 12 batches...
2025-07-19 21:20:57,175 - DEBUG - Validation epoch completed: Loss=0.7596, Accuracy=0.5529, Precision=0.4607, Recall=0.8776, F1=0.6042, Specificity=0.3463, ROC-AUC=0.6741
2025-07-19 21:20:57,178 - DEBUG - New best model saved with F1-score: 0.6042.
2025-07-19 21:20:57,178 - DEBUG - Epoch progress: 3/3
2025-07-19 21:20:57,179 - DEBUG - Starting model training epoch with 42 batches...
2025-07-19 21:22:14,099 - DEBUG - Model training epoch completed. Loss=0.5995, Accuracy=0.6616
2025-07-19 21:22:14,100 - DEBUG - Starting model validation epoch with 12 batches...
2025-07-19 21:22:49,739 - DEBUG - Validation epoch completed: Loss=0.6375, Accuracy=0.6270, Precision=0.5156, Recall=0.6735, F1=0.5841, Specificity=0.5974, ROC-AUC=0.7004
2025-07-19 21:22:49,739 - DEBUG - Model training completed, best performing model with F1-score {val_f1:.4f} to be returned....
2025-07-19 21:22:49,739 - INFO - resnet50 training for parameter combination LR: 0.001; Optimizer:adam; Depth:last_layer finished with F1-score 0.6042154566744731.
2025-07-19 21:22:49,740 - INFO - New best model for resnet50: F1=0.60
2025-07-19 21:22:49,918 - INFO - Best model version for resnet50 saved.
