2025-07-23 20:22:03,988 - INFO - Log file: ./logs\training_log_20250723_202203.log
2025-07-23 20:22:03,989 - INFO - Loading datasets...
2025-07-23 20:22:04,005 - INFO - Datasets successfully loaded.
2025-07-23 20:22:04,005 - INFO - Systematic training start | 1 configurations | 2025-07-23 20:22:04***
2025-07-23 20:22:04,005 - INFO - Model: resnet50
2025-07-23 20:22:04,006 - INFO - Config 1/1 | LR:0.0001 | Optimizer:adam | Depth:last_2_layers
2025-07-23 20:22:04,006 - DEBUG - Preparing resnet50 with 2 classes and last_2_layers depth.
2025-07-23 20:22:04,239 - DEBUG - ResNet50 model loaded with ImageNet weights
2025-07-23 20:22:04,240 - DEBUG - All parameters frozen...
2025-07-23 20:22:04,240 - DEBUG - Classifier replaced from 2048 to 2 features.
2025-07-23 20:22:04,240 - DEBUG - Classifier layer unfrozen...
2025-07-23 20:22:04,241 - DEBUG - Resnet50 layer4 and layer3 unfrozen for training...
2025-07-23 20:22:04,241 - DEBUG - Model resnet50 prepared for training...
2025-07-23 20:22:04,241 - DEBUG - **Initialising training for resnet50 with LR=0.0001, optimizer=adam, depth=last_2_layers.
2025-07-23 20:22:04,330 - DEBUG - Optimizer adam initialised with 0.0001 learning rate.
2025-07-23 20:22:04,330 - DEBUG - Learning rate scheduler and early stopping initialised.
2025-07-23 20:22:04,330 - DEBUG - Starting training resnet50 on cuda for 50 epochs.
2025-07-23 20:22:04,330 - DEBUG - Epoch progress: 1/50
2025-07-23 20:22:04,332 - DEBUG - Starting model training epoch with 179 batches...
2025-07-23 20:24:13,381 - INFO - Training epoch completed: 129.1s | Training Loss:0.5839 | Training Accuracy=0.6638
2025-07-23 20:24:13,383 - DEBUG - Starting model validation epoch with 44 batches...
2025-07-23 20:25:22,036 - INFO - Validation epoch completed: 68.6s | Loss: 0.6089 | F1: 0.4826 | Acc: 0.6406
2025-07-23 20:25:22,036 - DEBUG - Precision=0.5540 | Recall=0.4275 | Specificity=0.7780 | ROC-AUC=0.7042
2025-07-23 20:25:22,036 - INFO - Epoch 1/50 completed in 197.7s | Val F1: 0.4826
2025-07-23 20:25:22,038 - DEBUG - **New best model saved with F1-score: 0.4826.**
2025-07-23 20:25:22,038 - DEBUG - Epoch progress: 2/50
2025-07-23 20:25:22,038 - DEBUG - Starting model training epoch with 179 batches...
2025-07-23 20:27:31,859 - INFO - Training epoch completed: 129.8s | Training Loss:0.5476 | Training Accuracy=0.7001
2025-07-23 20:27:31,861 - DEBUG - Starting model validation epoch with 44 batches...
2025-07-23 20:28:41,678 - INFO - Validation epoch completed: 69.8s | Loss: 0.5681 | F1: 0.5239 | Acc: 0.6463
2025-07-23 20:28:41,678 - DEBUG - Precision=0.5547 | Recall=0.4964 | Specificity=0.7430 | ROC-AUC=0.7377
2025-07-23 20:28:41,678 - INFO - Epoch 2/50 completed in 199.6s | Val F1: 0.5239
2025-07-23 20:28:41,680 - DEBUG - **New best model saved with F1-score: 0.5239.**
2025-07-23 20:28:41,680 - DEBUG - EarlyStop counter reseted to: 0
2025-07-23 20:28:41,680 - DEBUG - Epoch progress: 3/50
2025-07-23 20:28:41,682 - DEBUG - Starting model training epoch with 179 batches...
2025-07-23 20:30:51,406 - INFO - Training epoch completed: 129.7s | Training Loss:0.5277 | Training Accuracy=0.7203
2025-07-23 20:30:51,407 - DEBUG - Starting model validation epoch with 44 batches...
2025-07-23 20:32:00,919 - INFO - Validation epoch completed: 69.5s | Loss: 0.5721 | F1: 0.5672 | Acc: 0.6662
2025-07-23 20:32:00,919 - DEBUG - Precision=0.5768 | Recall=0.5580 | Specificity=0.7360 | ROC-AUC=0.7363
2025-07-23 20:32:00,919 - INFO - Epoch 3/50 completed in 199.2s | Val F1: 0.5672
2025-07-23 20:32:00,921 - DEBUG - **New best model saved with F1-score: 0.5672.**
2025-07-23 20:32:00,921 - DEBUG - EarlyStop counter increased to: 1
2025-07-23 20:32:00,921 - DEBUG - Epoch progress: 4/50
2025-07-23 20:32:00,922 - DEBUG - Starting model training epoch with 179 batches...
